<html>
<body>
<pre>
<h1>µVision Build Log</h1>
<h2>Tool Versions:</h2>
IDE-Version: µVision V5.34.0.0
Copyright (C) 2021 ARM Ltd and ARM Germany GmbH. All rights reserved.
License Information: Robert Theed, -, LIC=RWSKC-72L37-IWPJA-E96EQ-MI3FH-T158F
 
Tool Versions:
Toolchain:       MDK-ARM Cortex-M0/M0+ for ST  Version: 5.34.0.0
Toolchain Path:  C:\Keil_v5\ARM\ARMCC\Bin
C Compiler:      Armcc.exe V5.06 update 7 (build 960)
Assembler:       Armasm.exe V5.06 update 7 (build 960)
Linker/Locator:  ArmLink.exe V5.06 update 7 (build 960)
Library Manager: ArmAr.exe V5.06 update 7 (build 960)
Hex Converter:   FromElf.exe V5.06 update 7 (build 960)
CPU DLL:         SARMCM3.DLL V5.34.0.0
Dialog DLL:      DARMCM1.DLL V1.19.4.0
Target DLL:      STLink\ST-LINKIII-KEIL_SWO.dll V3.0.8.0
Dialog DLL:      TARMCM1.DLL V1.14.3.0
 
<h2>Project:</h2>
C:\Users\tars\projects\external\duckyPad\firmware\code\MDK-ARM\lul.uvprojx
Project File Date:  06/24/2021

<h2>Output:</h2>
*** Using Compiler 'V5.06 update 7 (build 960)', folder: 'C:\Keil_v5\ARM\ARMCC\Bin'
Build target 'lul'
Note: source file '..//Src/system_stm32f0xx.c' - object file renamed from 'lul\system_stm32f0xx.o' to 'lul\system_stm32f0xx_1.o'.
compiling my_tasks.c...
..\Src\my_tasks.c(716): warning:  #167-D: argument of type "uint8_t *" is incompatible with parameter of type "const TCHAR *"
      if (f_opendir(&dir, hid_rx_buf+3) != FR_OK)
..\Src\my_tasks.c(733): warning:  #167-D: argument of type "uint8_t *" is incompatible with parameter of type "char *restrict"
        strncpy(hid_tx_buf+4, this_filename, FILENAME_SIZE);
..\Src\my_tasks.c(767): warning:  #167-D: argument of type "uint8_t *" is incompatible with parameter of type "const TCHAR *"
      if(f_open(&sd_file, hid_rx_buf+3, FA_READ) != 0)
..\Src\my_tasks.c(779): warning:  #167-D: argument of type "uint8_t *" is incompatible with parameter of type "char *restrict"
        strncpy(hid_tx_buf+3, read_buffer, bytes_read);
..\Src\my_tasks.c(737): warning:  #546-D: transfer of control bypasses initialization of:
            variable "count"  (declared at line 770)
          goto hid_read_file_end;
          ^
..\Src\my_tasks.c(768): warning:  #546-D: transfer of control bypasses initialization of:
            variable "count"  (declared at line 770)
        goto hid_read_file_end;
        ^
..\Src\my_tasks.c(817): warning:  #167-D: argument of type "uint8_t *" is incompatible with parameter of type "const TCHAR *"
      if(f_open(&sd_file, hid_rx_buf+3, FA_CREATE_ALWAYS | FA_WRITE) != 0)
..\Src\my_tasks.c(844): warning:  #167-D: argument of type "uint8_t *" is incompatible with parameter of type "const char *"
      if(f_write(&sd_file, hid_rx_buf+3, strlen(hid_rx_buf+3), &bytes_read) != 0)
..\Src\my_tasks.c(883): warning:  #167-D: argument of type "uint8_t *" is incompatible with parameter of type "const TCHAR *"
      if(f_unlink(hid_rx_buf+3) != 0)
..\Src\my_tasks.c(903): warning:  #167-D: argument of type "uint8_t *" is incompatible with parameter of type "const TCHAR *"
      if(f_mkdir(hid_rx_buf+3) != 0)
..\Src\my_tasks.c(923): warning:  #167-D: argument of type "uint8_t *" is incompatible with parameter of type "char *"
      if(delete_node(hid_rx_buf+3, HID_RX_BUF_SIZE - 3, &fno) != 0)
..\Src\my_tasks.c: 11 warnings, 0 errors
linking...
Program Size: Code=50312 RO-data=4644 RW-data=1296 ZI-data=14672  
FromELF: creating hex file...
"lul\lul.axf" - 0 Error(s), 11 Warning(s).

<h2>Software Packages used:</h2>

Package Vendor: ARM
                http://www.keil.com/pack/ARM.CMSIS.5.7.0.pack
                ARM.CMSIS.5.7.0
                CMSIS (Cortex Microcontroller Software Interface Standard)
   * Component: CORE Version: 5.4.0

Package Vendor: Keil
                http://www.keil.com/pack/Keil.STM32F0xx_DFP.2.1.0.pack
                Keil.STM32F0xx_DFP.2.1.0
                STMicroelectronics STM32F0 Series Device Support, Drivers and Examples

<h2>Collection of Component include folders:</h2>
  .\RTE\_lul
  C:\Users\tars\AppData\Local\Arm\Packs\ARM\CMSIS\5.7.0\CMSIS\Core\Include
  C:\Users\tars\AppData\Local\Arm\Packs\Keil\STM32F0xx_DFP\2.1.0\Drivers\CMSIS\Device\ST\STM32F0xx\Include

<h2>Collection of Component Files used:</h2>

   * Component: ARM::CMSIS:CORE:5.4.0
Build Time Elapsed:  00:00:02
</pre>
</body>
</html>
